// Jest Snapshot v1, https://goo.gl/fbAQLP

exports[`Index Should get main page 1`] = `{}`;
