// Jest Snapshot v1, https://goo.gl/fbAQLP

exports[`Server Should get main page api from server 1`] = `{}`;
